// Jest Snapshot v1, https://goo.gl/fbAQLP

exports[`About Component should render correctly 1`] = `
ShallowWrapper {
  "length": 1,
  Symbol(enzyme.__root__): [Circular],
  Symbol(enzyme.__unrendered__): <About
    photo={
      Array [
        "https://s3-us-west-1.amazonaws.com/imagesfornamson/icecream1.jpeg",
        "https://s3-us-west-1.amazonaws.com/imagesfornamson/icecream2.jpeg",
        "https://s3-us-west-1.amazonaws.com/imagesfornamson/icecream3.jpeg",
      ]
    }
  />,
  Symbol(enzyme.__renderer__): Object {
    "batchedUpdates": [Function],
    "getNode": [Function],
    "render": [Function],
    "simulateEvent": [Function],
    "unmount": [Function],
  },
  Symbol(enzyme.__node__): Object {
    "instance": null,
    "key": undefined,
    "nodeType": "host",
    "props": Object {
      "children": Array [
        <div
          className="restaurant"
        >
          About 
        </div>,
        <div
          className="description"
        >
          description 
        </div>,
        <div
          className="photo"
        >
          Photos:
          <img
            src="https://s3-us-west-1.amazonaws.com/imagesfornamson/icecream1.jpeg"
          />
          <img
            src="https://s3-us-west-1.amazonaws.com/imagesfornamson/icecream2.jpeg"
          />
          <img
            src="https://s3-us-west-1.amazonaws.com/imagesfornamson/icecream3.jpeg"
          />
        </div>,
      ],
    },
    "ref": null,
    "rendered": Array [
      Object {
        "instance": null,
        "key": undefined,
        "nodeType": "host",
        "props": Object {
          "children": Array [
            "About ",
            undefined,
          ],
          "className": "restaurant",
        },
        "ref": null,
        "rendered": Array [
          "About ",
          undefined,
        ],
        "type": "div",
      },
      Object {
        "instance": null,
        "key": undefined,
        "nodeType": "host",
        "props": Object {
          "children": Array [
            "description ",
            undefined,
          ],
          "className": "description",
        },
        "ref": null,
        "rendered": Array [
          "description ",
          undefined,
        ],
        "type": "div",
      },
      Object {
        "instance": null,
        "key": undefined,
        "nodeType": "host",
        "props": Object {
          "children": Array [
            "Photos:",
            <img
              src="https://s3-us-west-1.amazonaws.com/imagesfornamson/icecream1.jpeg"
            />,
            <img
              src="https://s3-us-west-1.amazonaws.com/imagesfornamson/icecream2.jpeg"
            />,
            <img
              src="https://s3-us-west-1.amazonaws.com/imagesfornamson/icecream3.jpeg"
            />,
          ],
          "className": "photo",
        },
        "ref": null,
        "rendered": Array [
          "Photos:",
          Object {
            "instance": null,
            "key": undefined,
            "nodeType": "host",
            "props": Object {
              "src": "https://s3-us-west-1.amazonaws.com/imagesfornamson/icecream1.jpeg",
            },
            "ref": null,
            "rendered": null,
            "type": "img",
          },
          Object {
            "instance": null,
            "key": undefined,
            "nodeType": "host",
            "props": Object {
              "src": "https://s3-us-west-1.amazonaws.com/imagesfornamson/icecream2.jpeg",
            },
            "ref": null,
            "rendered": null,
            "type": "img",
          },
          Object {
            "instance": null,
            "key": undefined,
            "nodeType": "host",
            "props": Object {
              "src": "https://s3-us-west-1.amazonaws.com/imagesfornamson/icecream3.jpeg",
            },
            "ref": null,
            "rendered": null,
            "type": "img",
          },
        ],
        "type": "div",
      },
    ],
    "type": "div",
  },
  Symbol(enzyme.__nodes__): Array [
    Object {
      "instance": null,
      "key": undefined,
      "nodeType": "host",
      "props": Object {
        "children": Array [
          <div
            className="restaurant"
          >
            About 
          </div>,
          <div
            className="description"
          >
            description 
          </div>,
          <div
            className="photo"
          >
            Photos:
            <img
              src="https://s3-us-west-1.amazonaws.com/imagesfornamson/icecream1.jpeg"
            />
            <img
              src="https://s3-us-west-1.amazonaws.com/imagesfornamson/icecream2.jpeg"
            />
            <img
              src="https://s3-us-west-1.amazonaws.com/imagesfornamson/icecream3.jpeg"
            />
          </div>,
        ],
      },
      "ref": null,
      "rendered": Array [
        Object {
          "instance": null,
          "key": undefined,
          "nodeType": "host",
          "props": Object {
            "children": Array [
              "About ",
              undefined,
            ],
            "className": "restaurant",
          },
          "ref": null,
          "rendered": Array [
            "About ",
            undefined,
          ],
          "type": "div",
        },
        Object {
          "instance": null,
          "key": undefined,
          "nodeType": "host",
          "props": Object {
            "children": Array [
              "description ",
              undefined,
            ],
            "className": "description",
          },
          "ref": null,
          "rendered": Array [
            "description ",
            undefined,
          ],
          "type": "div",
        },
        Object {
          "instance": null,
          "key": undefined,
          "nodeType": "host",
          "props": Object {
            "children": Array [
              "Photos:",
              <img
                src="https://s3-us-west-1.amazonaws.com/imagesfornamson/icecream1.jpeg"
              />,
              <img
                src="https://s3-us-west-1.amazonaws.com/imagesfornamson/icecream2.jpeg"
              />,
              <img
                src="https://s3-us-west-1.amazonaws.com/imagesfornamson/icecream3.jpeg"
              />,
            ],
            "className": "photo",
          },
          "ref": null,
          "rendered": Array [
            "Photos:",
            Object {
              "instance": null,
              "key": undefined,
              "nodeType": "host",
              "props": Object {
                "src": "https://s3-us-west-1.amazonaws.com/imagesfornamson/icecream1.jpeg",
              },
              "ref": null,
              "rendered": null,
              "type": "img",
            },
            Object {
              "instance": null,
              "key": undefined,
              "nodeType": "host",
              "props": Object {
                "src": "https://s3-us-west-1.amazonaws.com/imagesfornamson/icecream2.jpeg",
              },
              "ref": null,
              "rendered": null,
              "type": "img",
            },
            Object {
              "instance": null,
              "key": undefined,
              "nodeType": "host",
              "props": Object {
                "src": "https://s3-us-west-1.amazonaws.com/imagesfornamson/icecream3.jpeg",
              },
              "ref": null,
              "rendered": null,
              "type": "img",
            },
          ],
          "type": "div",
        },
      ],
      "type": "div",
    },
  ],
  Symbol(enzyme.__options__): Object {
    "adapter": ReactSixteenAdapter {
      "options": Object {
        "enableComponentDidUpdateOnSetState": true,
      },
    },
  },
}
`;
